// Vitest Snapshot v1, https://vitest.dev/guide/snapshot.html

exports[`KeyValue > snapshot matches 1`] = `"<div class="flex flex-row place-items-center justify-between"><div class="flex flex-col"><div class="text font-semibold">Test Key</div> <div class="text-sm">Test Value</div><!----></div></div>"`;
